// Jest Snapshot v1, https://goo.gl/fbAQLP

exports[`edit a product when: the user successfully updates an existing product then: we update the product in the db AND redirect to products page 1`] = `"Found. Redirecting to /admin/products"`;

exports[`edit a product when: the user wants to edit the product but is not signed in then: we redirect to sign-in page 1`] = `"Found. Redirecting to /signin"`;
