// Jest Snapshot v1, https://goo.gl/fbAQLP

exports[`list all products when: the user wants to view all products but is not signed in then: we redirect to sign-in page 1`] = `"Found. Redirecting to /signin"`;

exports[`list all products when: the user wants to view all products then: we return a list of all the products' titles 1`] = `
"
    <!DOCTYPE html>
      <html lang="en">
      <head>
        <meta charset="utf-8">
        <meta name="viewport" content="width=device-width, initial-scale=1.0">
        <title>Shop</title>
        <link href="https://cdnjs.cloudflare.com/ajax/libs/font-awesome/5.11.2/css/all.min.css" rel="stylesheet">
        <link href="/css/main.css" rel="stylesheet">
        <link rel="stylesheet" href="https://cdnjs.cloudflare.com/ajax/libs/bulma/0.7.5/css/bulma.min.css"></link>
      </head>

      <body class="admin">
        <header>
          <nav class="navbar navbar-bottom">
            <div class="container navbar-container">
              <div>
                <a href="/admin/products">
                  <h3 class="title">Admin Panel</h3>
                </a>
              </div>
              <div class="navbar-item">
                <div class="navbar-buttons">
                  <div class="navbar-item">
                    <a href="/admin/products"><i class="fa fa-star"></i> Products</a>
                  </div>
                </div>
              </div>
            </div>
          </nav>
        </header>
        <div class="container">
          
      <div class="control">
        <h1 class="subtitle">Products</h1>  
        <a href="/admin/products/new" class="button is-primary">New Product</a>
      </div>
      <table class="table">
        <thead>
          <tr>
            <th>Title</th>
            <th>Price</th>
            <th>Edit</th>
            <th>Delete</th>
          </tr>
        </thead>
        <tbody>
          
      <tr>
        <td>product1</td>
        <td>undefined</td>
        <td>
          <a href="">
            <button class="button is-link">
              Edit
            </button>
          </a>
        </td>
        <td>
          <button class="button is-danger">Delete</button>
        </td>
      </tr>
    
      <tr>
        <td>product2</td>
        <td>undefined</td>
        <td>
          <a href="">
            <button class="button is-link">
              Edit
            </button>
          </a>
        </td>
        <td>
          <button class="button is-danger">Delete</button>
        </td>
      </tr>
    
        </tbody>
      </table>
    
        </div>
      </body>
    </html>
  "
`;
