// Jest Snapshot v1, https://goo.gl/fbAQLP

exports[`retrieve a product to edit when: the user wants to retrieve a product to edit but is not signed in then: we redirect to sign-in page 1`] = `"Found. Redirecting to /signin"`;

exports[`retrieve a product to edit when: the user wants to retrieve a product to edit then: we return a pre-filled form of the product 1`] = `
"
    <!DOCTYPE html>
      <html lang="en">
      <head>
        <meta charset="utf-8">
        <meta name="viewport" content="width=device-width, initial-scale=1.0">
        <title>Shop</title>
        <link href="https://cdnjs.cloudflare.com/ajax/libs/font-awesome/5.11.2/css/all.min.css" rel="stylesheet">
        <link href="/css/main.css" rel="stylesheet">
        <link rel="stylesheet" href="https://cdnjs.cloudflare.com/ajax/libs/bulma/0.7.5/css/bulma.min.css"></link>
      </head>

      <body class="admin">
        <header>
          <nav class="navbar navbar-bottom">
            <div class="container navbar-container">
              <div>
                <a href="/admin/products">
                  <h3 class="title">Admin Panel</h3>
                </a>
              </div>
              <div class="navbar-item">
                <div class="navbar-buttons">
                  <div class="navbar-item">
                    <a href="/admin/products"><i class="fa fa-star"></i> Products</a>
                  </div>
                </div>
              </div>
            </div>
          </nav>
        </header>
        <div class="container">
          
    <form method="POST">
      <input name="title" value="product1" />
      
      <input name="price" value="12.00" />
      
      <input name="image" type="file" />
      <button>Submit</button>
    </form>
  
        </div>
      </body>
    </html>
  "
`;
